MPLINK 5.08, LINKER
Linker Map File - Created Thu Nov 22 08:40:36 2018

                                 Section Info
                  Section       Type    Address   Location Size(Bytes)
                ---------  ---------  ---------  ---------  ---------
                    Zone1       code   0x000000    program   0x000004
                   .cinit    romdata   0x000004    program   0x000002
                    Zone2       code   0x000008    program   0x000008
                    Zone3       code   0x000020    program   0x00002c
                    Zone4       code   0x000100    program   0x000040
.config_300001_BUILD/DEFAULT/PRODUCTION/NEWPIC_    romdata   0x300001    program   0x000001
.config_300002_BUILD/DEFAULT/PRODUCTION/NEWPIC_    romdata   0x300002    program   0x000001
.config_300003_BUILD/DEFAULT/PRODUCTION/NEWPIC_    romdata   0x300003    program   0x000001
.config_300005_BUILD/DEFAULT/PRODUCTION/NEWPIC_    romdata   0x300005    program   0x000001
.config_300006_BUILD/DEFAULT/PRODUCTION/NEWPIC_    romdata   0x300006    program   0x000001
              ZONE1_UDATA      udata   0x000060       data   0x000001



                              Program Memory Usage 
                               Start         End      
                           ---------   ---------      
                            0x000000    0x000005      
                            0x000008    0x00000f      
                            0x000020    0x00004b      
                            0x000100    0x00013f      
                            0x300001    0x300003      
                            0x300005    0x300006      
            127 out of 66584 program addresses used, program memory utilization is 0%



                              Symbols - Sorted by Name
                     Name    Address   Location    Storage File                     
                ---------  ---------  ---------  --------- ---------                
DeterminerCouleurAChanger   0x000112    program     static C:\Users\labop2\Downloads\Travail-4\Travail4.X\newpic_8b_general.asm
                    START   0x000020    program     static C:\Users\labop2\Downloads\Travail-4\Travail4.X\newpic_8b_general.asm
                   TO_ISR   0x000100    program     static C:\Users\labop2\Downloads\Travail-4\Travail4.X\newpic_8b_general.asm
             allumerJaune   0x000122    program     static C:\Users\labop2\Downloads\Travail-4\Travail4.X\newpic_8b_general.asm
             allumerRouge   0x00012c    program     static C:\Users\labop2\Downloads\Travail-4\Travail4.X\newpic_8b_general.asm
             allumerVerte   0x000136    program     static C:\Users\labop2\Downloads\Travail-4\Travail4.X\newpic_8b_general.asm
                     loop   0x000046    program     static C:\Users\labop2\Downloads\Travail-4\Travail4.X\newpic_8b_general.asm
                     saut   0x000140    program     static C:\Users\labop2\Downloads\Travail-4\Travail4.X\newpic_8b_general.asm
                    Count   0x000060       data     static C:\Users\labop2\Downloads\Travail-4\Travail4.X\newpic_8b_general.asm



                              Symbols - Sorted by Address
                     Name    Address   Location    Storage File                     
                ---------  ---------  ---------  --------- ---------                
                    START   0x000020    program     static C:\Users\labop2\Downloads\Travail-4\Travail4.X\newpic_8b_general.asm
                     loop   0x000046    program     static C:\Users\labop2\Downloads\Travail-4\Travail4.X\newpic_8b_general.asm
                   TO_ISR   0x000100    program     static C:\Users\labop2\Downloads\Travail-4\Travail4.X\newpic_8b_general.asm
DeterminerCouleurAChanger   0x000112    program     static C:\Users\labop2\Downloads\Travail-4\Travail4.X\newpic_8b_general.asm
             allumerJaune   0x000122    program     static C:\Users\labop2\Downloads\Travail-4\Travail4.X\newpic_8b_general.asm
             allumerRouge   0x00012c    program     static C:\Users\labop2\Downloads\Travail-4\Travail4.X\newpic_8b_general.asm
             allumerVerte   0x000136    program     static C:\Users\labop2\Downloads\Travail-4\Travail4.X\newpic_8b_general.asm
                     saut   0x000140    program     static C:\Users\labop2\Downloads\Travail-4\Travail4.X\newpic_8b_general.asm
                    Count   0x000060       data     static C:\Users\labop2\Downloads\Travail-4\Travail4.X\newpic_8b_general.asm


