MPLINK 5.08, LINKER
Linker Map File - Created Fri Nov 16 09:59:08 2018

                                 Section Info
                  Section       Type    Address   Location Size(Bytes)
                ---------  ---------  ---------  ---------  ---------
                    Zone1       code   0x000000    program   0x000004
                   .cinit    romdata   0x000004    program   0x000002
                    Zone2       code   0x000008    program   0x000004
                    Zone3       code   0x000020    program   0x00004c
.config_300001_BUILD/DEFAULT/PRODUCTION/_EXT/14    romdata   0x300001    program   0x000001
.config_300002_BUILD/DEFAULT/PRODUCTION/_EXT/14    romdata   0x300002    program   0x000001
.config_300003_BUILD/DEFAULT/PRODUCTION/_EXT/14    romdata   0x300003    program   0x000001
.config_300005_BUILD/DEFAULT/PRODUCTION/_EXT/14    romdata   0x300005    program   0x000001
.config_300006_BUILD/DEFAULT/PRODUCTION/_EXT/14    romdata   0x300006    program   0x000001
              ZONE1_UDATA      udata   0x000060       data   0x000001



                              Program Memory Usage 
                               Start         End      
                           ---------   ---------      
                            0x000000    0x000005      
                            0x000008    0x00000b      
                            0x000020    0x00006b      
                            0x300001    0x300003      
                            0x300005    0x300006      
            91 out of 66584 program addresses used, program memory utilization is 0%



                              Symbols - Sorted by Name
                     Name    Address   Location    Storage File                     
                ---------  ---------  ---------  --------- ---------                
                   EndISR   0x00004c    program     static ..\a2d.asm               
                      ISR   0x000032    program     static ..\a2d.asm               
             InitializeAD   0x00004e    program     static ..\a2d.asm               
                     Main   0x00002e    program     static ..\a2d.asm               
                 OtherInt   0x000048    program     static ..\a2d.asm               
                       SD   0x000064    program     static ..\a2d.asm               
               SetupDelay   0x000060    program     static ..\a2d.asm               
                    Start   0x000020    program     static ..\a2d.asm               
              _Zone3_0048   0x000048    program     static ..\a2d.asm               
                     TEMP   0x000060       data     static ..\a2d.asm               



                              Symbols - Sorted by Address
                     Name    Address   Location    Storage File                     
                ---------  ---------  ---------  --------- ---------                
                    Start   0x000020    program     static ..\a2d.asm               
                     Main   0x00002e    program     static ..\a2d.asm               
                      ISR   0x000032    program     static ..\a2d.asm               
                 OtherInt   0x000048    program     static ..\a2d.asm               
              _Zone3_0048   0x000048    program     static ..\a2d.asm               
                   EndISR   0x00004c    program     static ..\a2d.asm               
             InitializeAD   0x00004e    program     static ..\a2d.asm               
               SetupDelay   0x000060    program     static ..\a2d.asm               
                       SD   0x000064    program     static ..\a2d.asm               
                     TEMP   0x000060       data     static ..\a2d.asm               


