MPLINK 4.36, Linker
Linker Map File - Created Tue Nov 02 16:20:43 2010

                                 Section Info
                  Section       Type    Address   Location Size(Bytes)
                ---------  ---------  ---------  ---------  ---------
                   .org_0       code   0x000000    program   0x000004
                   .cinit    romdata   0x000004    program   0x000002
                   .org_1       code   0x000008    program   0x000004
                   .org_2       code   0x000020    program   0x00004a
   .config_300001_USART.O    romdata   0x300001    program   0x000001
   .config_300002_USART.O    romdata   0x300002    program   0x000001
   .config_300003_USART.O    romdata   0x300003    program   0x000001
   .config_300005_USART.O    romdata   0x300005    program   0x000001
   .config_300006_USART.O    romdata   0x300006    program   0x000001



                              Program Memory Usage 
                               Start         End      
                           ---------   ---------      
                            0x000000    0x000005      
                            0x000008    0x00000b      
                            0x000020    0x000069      
                            0x300001    0x300003      
                            0x300005    0x300006      
            89 out of 66584 program addresses used, program memory utilization is 0%



                              Symbols - Sorted by Name
                     Name    Address   Location    Storage File                     
                ---------  ---------  ---------  --------- ---------                
                   ISREnd   0x000068    program     static Y:\public_html\Cours\Architecture-bac\DOCUMENTS\repertoire435\AAA-Documents-et-projets-sur-le-PIC18F4680\Projets-PIC\Projet-PIC-LED-usart\usart.asm
                IntVector   0x00003e    program     static Y:\public_html\Cours\Architecture-bac\DOCUMENTS\repertoire435\AAA-Documents-et-projets-sur-le-PIC18F4680\Projets-PIC\Projet-PIC-LED-usart\usart.asm
                     Main   0x00003a    program     static Y:\public_html\Cours\Architecture-bac\DOCUMENTS\repertoire435\AAA-Documents-et-projets-sur-le-PIC18F4680\Projets-PIC\Projet-PIC-LED-usart\usart.asm
                 OtherInt   0x000064    program     static Y:\public_html\Cours\Architecture-bac\DOCUMENTS\repertoire435\AAA-Documents-et-projets-sur-le-PIC18F4680\Projets-PIC\Projet-PIC-LED-usart\usart.asm
                 RcvError   0x000058    program     static Y:\public_html\Cours\Architecture-bac\DOCUMENTS\repertoire435\AAA-Documents-et-projets-sur-le-PIC18F4680\Projets-PIC\Projet-PIC-LED-usart\usart.asm
                    Start   0x000020    program     static Y:\public_html\Cours\Architecture-bac\DOCUMENTS\repertoire435\AAA-Documents-et-projets-sur-le-PIC18F4680\Projets-PIC\Projet-PIC-LED-usart\usart.asm



                              Symbols - Sorted by Address
                     Name    Address   Location    Storage File                     
                ---------  ---------  ---------  --------- ---------                
                    Start   0x000020    program     static Y:\public_html\Cours\Architecture-bac\DOCUMENTS\repertoire435\AAA-Documents-et-projets-sur-le-PIC18F4680\Projets-PIC\Projet-PIC-LED-usart\usart.asm
                     Main   0x00003a    program     static Y:\public_html\Cours\Architecture-bac\DOCUMENTS\repertoire435\AAA-Documents-et-projets-sur-le-PIC18F4680\Projets-PIC\Projet-PIC-LED-usart\usart.asm
                IntVector   0x00003e    program     static Y:\public_html\Cours\Architecture-bac\DOCUMENTS\repertoire435\AAA-Documents-et-projets-sur-le-PIC18F4680\Projets-PIC\Projet-PIC-LED-usart\usart.asm
                 RcvError   0x000058    program     static Y:\public_html\Cours\Architecture-bac\DOCUMENTS\repertoire435\AAA-Documents-et-projets-sur-le-PIC18F4680\Projets-PIC\Projet-PIC-LED-usart\usart.asm
                 OtherInt   0x000064    program     static Y:\public_html\Cours\Architecture-bac\DOCUMENTS\repertoire435\AAA-Documents-et-projets-sur-le-PIC18F4680\Projets-PIC\Projet-PIC-LED-usart\usart.asm
                   ISREnd   0x000068    program     static Y:\public_html\Cours\Architecture-bac\DOCUMENTS\repertoire435\AAA-Documents-et-projets-sur-le-PIC18F4680\Projets-PIC\Projet-PIC-LED-usart\usart.asm


