MPLINK 4.37, Linker
Linker Map File - Created Tue Oct 25 08:57:33 2011

                                 Section Info
                  Section       Type    Address   Location Size(Bytes)
                ---------  ---------  ---------  ---------  ---------
                   .org_0       code   0x000000    program   0x000004
                   .cinit    romdata   0x000004    program   0x000002
                   .org_1       code   0x000008    program   0x000004
                   .org_2       code   0x000020    program   0x00004c
     .config_300001_A2D.O    romdata   0x300001    program   0x000001
     .config_300002_A2D.O    romdata   0x300002    program   0x000001
     .config_300003_A2D.O    romdata   0x300003    program   0x000001
     .config_300005_A2D.O    romdata   0x300005    program   0x000001
     .config_300006_A2D.O    romdata   0x300006    program   0x000001
                   .udata      udata   0x000060       data   0x000001



                              Program Memory Usage 
                               Start         End      
                           ---------   ---------      
                            0x000000    0x000005      
                            0x000008    0x00000b      
                            0x000020    0x00006b      
                            0x300001    0x300003      
                            0x300005    0x300006      
            91 out of 66584 program addresses used, program memory utilization is 0%



                              Symbols - Sorted by Name
                     Name    Address   Location    Storage File                     
                ---------  ---------  ---------  --------- ---------                
                   EndISR   0x00004c    program     static Y:\public_html\Cours\Architecture-bac\DOCUMENTS\repertoire435\AAA-Documents-et-projets-sur-le-PIC18F4680\Projets-PIC\Projet-PIC-AD-Converter\a2d.asm
                      ISR   0x000032    program     static Y:\public_html\Cours\Architecture-bac\DOCUMENTS\repertoire435\AAA-Documents-et-projets-sur-le-PIC18F4680\Projets-PIC\Projet-PIC-AD-Converter\a2d.asm
             InitializeAD   0x00004e    program     static Y:\public_html\Cours\Architecture-bac\DOCUMENTS\repertoire435\AAA-Documents-et-projets-sur-le-PIC18F4680\Projets-PIC\Projet-PIC-AD-Converter\a2d.asm
                     Main   0x00002e    program     static Y:\public_html\Cours\Architecture-bac\DOCUMENTS\repertoire435\AAA-Documents-et-projets-sur-le-PIC18F4680\Projets-PIC\Projet-PIC-AD-Converter\a2d.asm
                 OtherInt   0x000048    program     static Y:\public_html\Cours\Architecture-bac\DOCUMENTS\repertoire435\AAA-Documents-et-projets-sur-le-PIC18F4680\Projets-PIC\Projet-PIC-AD-Converter\a2d.asm
                       SD   0x000064    program     static Y:\public_html\Cours\Architecture-bac\DOCUMENTS\repertoire435\AAA-Documents-et-projets-sur-le-PIC18F4680\Projets-PIC\Projet-PIC-AD-Converter\a2d.asm
               SetupDelay   0x000060    program     static Y:\public_html\Cours\Architecture-bac\DOCUMENTS\repertoire435\AAA-Documents-et-projets-sur-le-PIC18F4680\Projets-PIC\Projet-PIC-AD-Converter\a2d.asm
                    Start   0x000020    program     static Y:\public_html\Cours\Architecture-bac\DOCUMENTS\repertoire435\AAA-Documents-et-projets-sur-le-PIC18F4680\Projets-PIC\Projet-PIC-AD-Converter\a2d.asm
             _.org_2_0048   0x000048    program     static Y:\public_html\Cours\Architecture-bac\DOCUMENTS\repertoire435\AAA-Documents-et-projets-sur-le-PIC18F4680\Projets-PIC\Projet-PIC-AD-Converter\a2d.asm
                     TEMP   0x000060       data     static Y:\public_html\Cours\Architecture-bac\DOCUMENTS\repertoire435\AAA-Documents-et-projets-sur-le-PIC18F4680\Projets-PIC\Projet-PIC-AD-Converter\a2d.asm



                              Symbols - Sorted by Address
                     Name    Address   Location    Storage File                     
                ---------  ---------  ---------  --------- ---------                
                    Start   0x000020    program     static Y:\public_html\Cours\Architecture-bac\DOCUMENTS\repertoire435\AAA-Documents-et-projets-sur-le-PIC18F4680\Projets-PIC\Projet-PIC-AD-Converter\a2d.asm
                     Main   0x00002e    program     static Y:\public_html\Cours\Architecture-bac\DOCUMENTS\repertoire435\AAA-Documents-et-projets-sur-le-PIC18F4680\Projets-PIC\Projet-PIC-AD-Converter\a2d.asm
                      ISR   0x000032    program     static Y:\public_html\Cours\Architecture-bac\DOCUMENTS\repertoire435\AAA-Documents-et-projets-sur-le-PIC18F4680\Projets-PIC\Projet-PIC-AD-Converter\a2d.asm
                 OtherInt   0x000048    program     static Y:\public_html\Cours\Architecture-bac\DOCUMENTS\repertoire435\AAA-Documents-et-projets-sur-le-PIC18F4680\Projets-PIC\Projet-PIC-AD-Converter\a2d.asm
             _.org_2_0048   0x000048    program     static Y:\public_html\Cours\Architecture-bac\DOCUMENTS\repertoire435\AAA-Documents-et-projets-sur-le-PIC18F4680\Projets-PIC\Projet-PIC-AD-Converter\a2d.asm
                   EndISR   0x00004c    program     static Y:\public_html\Cours\Architecture-bac\DOCUMENTS\repertoire435\AAA-Documents-et-projets-sur-le-PIC18F4680\Projets-PIC\Projet-PIC-AD-Converter\a2d.asm
             InitializeAD   0x00004e    program     static Y:\public_html\Cours\Architecture-bac\DOCUMENTS\repertoire435\AAA-Documents-et-projets-sur-le-PIC18F4680\Projets-PIC\Projet-PIC-AD-Converter\a2d.asm
               SetupDelay   0x000060    program     static Y:\public_html\Cours\Architecture-bac\DOCUMENTS\repertoire435\AAA-Documents-et-projets-sur-le-PIC18F4680\Projets-PIC\Projet-PIC-AD-Converter\a2d.asm
                       SD   0x000064    program     static Y:\public_html\Cours\Architecture-bac\DOCUMENTS\repertoire435\AAA-Documents-et-projets-sur-le-PIC18F4680\Projets-PIC\Projet-PIC-AD-Converter\a2d.asm
                     TEMP   0x000060       data     static Y:\public_html\Cours\Architecture-bac\DOCUMENTS\repertoire435\AAA-Documents-et-projets-sur-le-PIC18F4680\Projets-PIC\Projet-PIC-AD-Converter\a2d.asm


