MPLINK 5.08, LINKER
Linker Map File - Created Mon Nov 26 10:31:53 2018

                                 Section Info
                  Section       Type    Address   Location Size(Bytes)
                ---------  ---------  ---------  ---------  ---------
                    Zone1       code   0x000000    program   0x000004
                   .cinit    romdata   0x000004    program   0x000002
                    Zone2       code   0x000008    program   0x000004
                    Zone3       code   0x000020    program   0x00004a
                    dbgP0       code   0x00fd30    program   0x0002d0
.config_300001_BUILD/DEFAULT/DEBUG/_EXT/1472/US    romdata   0x300001    program   0x000001
.config_300002_BUILD/DEFAULT/DEBUG/_EXT/1472/US    romdata   0x300002    program   0x000001
.config_300003_BUILD/DEFAULT/DEBUG/_EXT/1472/US    romdata   0x300003    program   0x000001
.config_300005_BUILD/DEFAULT/DEBUG/_EXT/1472/US    romdata   0x300005    program   0x000001
.config_300006_BUILD/DEFAULT/DEBUG/_EXT/1472/US    romdata   0x300006    program   0x000001
                    dbgD0      udata   0x000cf4       data   0x00000c



                              Program Memory Usage 
                               Start         End      
                           ---------   ---------      
                            0x000000    0x000005      
                            0x000008    0x00000b      
                            0x000020    0x000069      
                            0x00fd30    0x00ffff      
                            0x300001    0x300003      
                            0x300005    0x300006      
            809 out of 66584 program addresses used, program memory utilization is 1%



                              Symbols - Sorted by Name
                     Name    Address   Location    Storage File                     
                ---------  ---------  ---------  --------- ---------                
                   ISREnd   0x000068    program     static ..\usart.asm             
                IntVector   0x00003e    program     static ..\usart.asm             
                     Main   0x00003a    program     static ..\usart.asm             
                 OtherInt   0x000064    program     static ..\usart.asm             
                 RcvError   0x000058    program     static ..\usart.asm             
                    Start   0x000020    program     static ..\usart.asm             



                              Symbols - Sorted by Address
                     Name    Address   Location    Storage File                     
                ---------  ---------  ---------  --------- ---------                
                    Start   0x000020    program     static ..\usart.asm             
                     Main   0x00003a    program     static ..\usart.asm             
                IntVector   0x00003e    program     static ..\usart.asm             
                 RcvError   0x000058    program     static ..\usart.asm             
                 OtherInt   0x000064    program     static ..\usart.asm             
                   ISREnd   0x000068    program     static ..\usart.asm             


